// Jest Snapshot v1, https://goo.gl/fbAQLP

exports[`<NavBar /> renders UI as expected 1`] = `
<Fragment>
  <nav
    className="NavBar"
  >
    <div
      className="NavBar-logo"
    >
      <Link
        className="NavBar-link"
        to="/"
      >
        <FontAwesomeIcon
          border={false}
          className="NavBar-icon"
          fixedWidth={false}
          flip={null}
          icon={
            Object {
              "icon": Array [
                496,
                512,
                Array [],
                "f14e",
                "M225.38 233.37c-12.5 12.5-12.5 32.76 0 45.25 12.49 12.5 32.76 12.5 45.25 0 12.5-12.5 12.5-32.76 0-45.25-12.5-12.49-32.76-12.49-45.25 0zM248 8C111.03 8 0 119.03 0 256s111.03 248 248 248 248-111.03 248-248S384.97 8 248 8zm126.14 148.05L308.17 300.4a31.938 31.938 0 0 1-15.77 15.77l-144.34 65.97c-16.65 7.61-33.81-9.55-26.2-26.2l65.98-144.35a31.938 31.938 0 0 1 15.77-15.77l144.34-65.97c16.65-7.6 33.8 9.55 26.19 26.2z",
              ],
              "iconName": "compass",
              "prefix": "fas",
            }
          }
          inverse={false}
          listItem={false}
          mask={null}
          pull={null}
          pulse={false}
          rotation={null}
          size={null}
          spin={false}
          swapOpacity={false}
          symbol={false}
          title=""
          transform={null}
        />
         
        TT
      </Link>
    </div>
    <div
      className="NavBar-menu"
    >
      <div
        className="NavBar_not-logged-in"
      >
        <Link
          className="NavBar-link"
          to="/login"
        >
          Login
        </Link>
      </div>
    </div>
  </nav>
</Fragment>
`;
